// Jest Snapshot v1, https://goo.gl/fbAQLP

exports[`html layout is renderer correctly 1`] = `
<div
  className="game"
>
  <div
    className="game-board"
  >
    <div>
      <div
        className="board-row"
      >
        <button
          className="square"
          onClick={[Function]}
        />
        <button
          className="square"
          onClick={[Function]}
        />
        <button
          className="square"
          onClick={[Function]}
        />
      </div>
      <div
        className="board-row"
      >
        <button
          className="square"
          onClick={[Function]}
        />
        <button
          className="square"
          onClick={[Function]}
        />
        <button
          className="square"
          onClick={[Function]}
        />
      </div>
      <div
        className="board-row"
      >
        <button
          className="square"
          onClick={[Function]}
        />
        <button
          className="square"
          onClick={[Function]}
        />
        <button
          className="square"
          onClick={[Function]}
        />
      </div>
    </div>
  </div>
  <div
    className="game-info"
  >
    <div
      className="game-status"
    >
      Next player: X
    </div>
    <div
      className="moves-list"
    >
      <li
        className="current-step"
      >
        <button
          onClick={[Function]}
        >
          Go to game start 
        </button>
      </li>
    </div>
  </div>
</div>
`;
